mode: set
github.com/vietlam/go-ecommerce-backend-api/tests/basic/main.go:3.26,5.2 1 1
